> Task :clean UP-TO-DATE
> Task :compileJava

BUILD SUCCESSFUL in 4s
2 actionable tasks: 1 executed, 1 up-to-date
Consider enabling configuration cache to speed up this build: https://docs.gradle.org/9.2.1/userguide/configuration_cache_enabling.html
